# newdoc
# newpar
# sent_id = 1
# text = Hallå värld!
1	Hallå	Hallå	ADP	PP	_	2	case	_	_
2	värld	värld	NOUN	NN|UTR|SIN|IND|NOM	Case=Nom|Definite=Ind|Gender=Com|Number=Sing	0	root	_	SpaceAfter=No
3	!	!	PUNCT	MAD	_	2	punct	_	SpacesAfter=\n\n

# newpar
# sent_id = 2
# text = Han är min pappa, hon är min mamma, de är mina föräldrar.
1	Han	han	PRON	PN|UTR|SIN|DEF|SUB	Case=Nom|Definite=Def|Gender=Com|Number=Sing	4	nsubj	_	_
2	är	vara	AUX	VB|PRS|AKT	Mood=Ind|Tense=Pres|VerbForm=Fin|Voice=Act	4	cop	_	_
3	min	jag	DET	PS|UTR|SIN|DEF	Definite=Def|Gender=Com|Number=Sing|Poss=Yes	4	nmod:poss	_	_
4	pappa	pappa	NOUN	NN|UTR|SIN|IND|NOM	Case=Nom|Definite=Ind|Gender=Com|Number=Sing	0	root	_	SpaceAfter=No
5	,	,	PUNCT	MID	_	4	punct	_	SpacesAfter=\n
6	hon	hon	PRON	PN|UTR|SIN|DEF|SUB	Case=Nom|Definite=Def|Gender=Com|Number=Sing	9	nsubj	_	_
7	är	vara	AUX	VB|PRS|AKT	Mood=Ind|Tense=Pres|VerbForm=Fin|Voice=Act	9	cop	_	_
8	min	jag	DET	PS|UTR|SIN|DEF	Definite=Def|Gender=Com|Number=Sing|Poss=Yes	9	nmod:poss	_	_
9	mamma	mamma	NOUN	NN|UTR|SIN|IND|NOM	Case=Nom|Definite=Ind|Gender=Com|Number=Sing	4	parataxis	_	SpaceAfter=No
10	,	,	PUNCT	MID	_	9	punct	_	SpacesAfter=\n
11	de	de	PRON	PN|UTR/NEU|PLU|DEF|SUB	Case=Nom|Definite=Def|Number=Plur	14	nsubj	_	_
12	är	vara	AUX	VB|PRS|AKT	Mood=Ind|Tense=Pres|VerbForm=Fin|Voice=Act	14	cop	_	_
13	mina	jag	DET	PS|UTR/NEU|PLU|DEF	Definite=Def|Number=Plur|Poss=Yes	14	nmod:poss	_	_
14	föräldrar	förälder	NOUN	NN|UTR|PLU|IND|NOM	Case=Nom|Definite=Ind|Gender=Com|Number=Plur	9	conj	_	SpaceAfter=No
15	.	.	PUNCT	MAD	_	4	punct	_	SpacesAfter=\n\n\n\n

# newpar
# sent_id = 3
# text = Varför vill du lära dig svenska?
1	Varför	varför	ADV	HA	_	4	advmod	_	_
2	vill	vilja	AUX	VB|PRS|AKT	Mood=Ind|Tense=Pres|VerbForm=Fin|Voice=Act	4	aux	_	_
3	du	du	PRON	PN|UTR|SIN|DEF|SUB	Case=Nom|Definite=Def|Gender=Com|Number=Sing	4	nsubj	_	_
4	lära	lära	VERB	VB|INF|AKT	VerbForm=Inf|Voice=Act	0	root	_	_
5	dig	du	PRON	PN|UTR|SIN|DEF|OBJ	Case=Acc|Definite=Def|Gender=Com|Number=Sing	4	iobj	_	_
6	svenska	svensk	NOUN	NN|UTR|SIN|IND|NOM	Case=Nom|Definite=Ind|Gender=Com|Number=Sing	4	dobj	_	SpaceAfter=No
7	?	?	PUNCT	MAD	_	4	punct	_	SpacesAfter=\n

# sent_id = 4
# text = Det beror på att det gör det lättare att förstå vad folk säger.
1	Det	den	PRON	PN|NEU|SIN|DEF|SUB/OBJ	Definite=Def|Gender=Neut|Number=Sing	2	nsubj	_	_
2	beror	bero	VERB	VB|PRS|AKT	Mood=Ind|Tense=Pres|VerbForm=Fin|Voice=Act	0	root	_	_
3	på	på	ADP	PP	_	6	case	_	_
4	att	att	SCONJ	SN	_	6	mark	_	_
5	det	den	PRON	PN|NEU|SIN|DEF|SUB/OBJ	Definite=Def|Gender=Neut|Number=Sing	6	expl	_	_
6	gör	göra	VERB	VB|PRS|AKT	Mood=Ind|Tense=Pres|VerbForm=Fin|Voice=Act	2	advcl	_	_
7	det	den	PRON	PN|NEU|SIN|DEF|SUB/OBJ	Definite=Def|Gender=Neut|Number=Sing	6	nsubj	_	_
8	lättare	lätt	ADJ	JJ|KOM|UTR/NEU|SIN/PLU|IND/DEF|NOM	Case=Nom|Degree=Cmp	6	xcomp	_	_
9	att	att	PART	IE	_	10	mark	_	_
10	förstå	förstå	VERB	VB|INF|AKT	VerbForm=Inf|Voice=Act	6	advcl	_	_
11	vad	vad	PRON	HP|NEU|SIN|IND	Definite=Ind|Gender=Neut|Number=Sing|PronType=Int,Rel	13	dobj	_	_
12	folk	folk	NOUN	NN|NEU|PLU|IND|NOM	Case=Nom|Definite=Ind|Gender=Neut|Number=Plur	13	nsubj	_	_
13	säger	säga	VERB	VB|PRS|AKT	Mood=Ind|Tense=Pres|VerbForm=Fin|Voice=Act	10	ccomp	_	SpaceAfter=No
14	.	.	PUNCT	MAD	_	2	punct	_	SpacesAfter=\n

